
Memory Configuration

Name             Origin             Length             Attributes
sram             0x0000000010000000 0x0000000000002000
flash            0x0000000000000000 0x0000000000008000
*default*        0x0000000000000000 0xffffffffffffffff

Linker script and memory map

LOAD .objs/main.o
LOAD .objs/startup.o
LOAD .objs/system_LPC13xx.o
LOAD /home/alex/toolchains/lpc1343/gcc-arm-none-eabi-7-2017-q4-major/bin/../lib/gcc/arm-none-eabi/7.2.1/../../../../arm-none-eabi/lib/libstdc++.a
LOAD /home/alex/toolchains/lpc1343/gcc-arm-none-eabi-7-2017-q4-major/bin/../lib/gcc/arm-none-eabi/7.2.1/../../../../arm-none-eabi/lib/libm.a
START GROUP
LOAD /home/alex/toolchains/lpc1343/gcc-arm-none-eabi-7-2017-q4-major/bin/../lib/gcc/arm-none-eabi/7.2.1/libgcc.a
LOAD /home/alex/toolchains/lpc1343/gcc-arm-none-eabi-7-2017-q4-major/bin/../lib/gcc/arm-none-eabi/7.2.1/../../../../arm-none-eabi/lib/libc.a
END GROUP
                0x0000000010001ff0                _end_stack = 0x10001ff0
                0x0000000000000000                . = ORIGIN (flash)

vectors         0x0000000000000000      0x128
 *(.vectors)
 .vectors       0x0000000000000000      0x128 .objs/startup.o
                0x0000000000000000                vector_table

.text           0x0000000000000128      0x3fc
 *(.text.startup)
 *(.text .text*)
 .text          0x0000000000000128        0x6 .objs/main.o
                0x0000000000000128                main
 *fill*         0x000000000000012e        0x2 
 .text          0x0000000000000130       0x6c .objs/startup.o
                0x0000000000000130                Reset_Handler
                0x0000000000000194                DebugMon_Handler
                0x0000000000000194                HardFault_Handler
                0x0000000000000194                SysTick_Handler
                0x0000000000000194                PendSV_Handler
                0x0000000000000194                NMI_Handler
                0x0000000000000194                ADC_Handler
                0x0000000000000194                BOD_Handler
                0x0000000000000194                EINT3_Handler
                0x0000000000000194                RESERVED_Handler
                0x0000000000000194                UsageFault_Handler
                0x0000000000000194                WDT_Handler
                0x0000000000000194                TIMER_16_1_Handler
                0x0000000000000194                Dummy_Handler
                0x0000000000000194                WAKEUP_Handler
                0x0000000000000194                I2C_Handler
                0x0000000000000194                TIMER_32_0_Handler
                0x0000000000000194                SSP_Handler
                0x0000000000000194                MemManage_Handler
                0x0000000000000194                SVC_Handler
                0x0000000000000194                USB_FIQ_Handler
                0x0000000000000194                EINT0_Handler
                0x0000000000000194                UART_Handler
                0x0000000000000194                EINT2_Handler
                0x0000000000000194                USB_IRQ_Handler
                0x0000000000000194                EINT1_Handler
                0x0000000000000194                TIMER_16_0_Handler
                0x0000000000000194                TIMER_32_1_Handler
                0x0000000000000194                BusFault_Handler
 .text          0x000000000000019c      0x388 .objs/system_LPC13xx.o
                0x000000000000019c                SystemCoreClockUpdate
                0x0000000000000400                SystemInit
 *(.rodata)
 *(.rodata*)
                0x0000000000000524                _end_text = .

.glue_7         0x0000000000000524        0x0
 .glue_7        0x0000000000000524        0x0 linker stubs

.glue_7t        0x0000000000000524        0x0
 .glue_7t       0x0000000000000524        0x0 linker stubs

.vfp11_veneer   0x0000000000000524        0x0
 .vfp11_veneer  0x0000000000000524        0x0 linker stubs

.v4_bx          0x0000000000000524        0x0
 .v4_bx         0x0000000000000524        0x0 linker stubs

.iplt           0x0000000000000524        0x0
 .iplt          0x0000000000000524        0x0 .objs/startup.o

.rel.dyn        0x0000000000000524        0x0
 .rel.iplt      0x0000000000000524        0x0 .objs/startup.o

.data           0x0000000010000000        0x4 load address 0x0000000000000524
                0x0000000010000000                _start_data = .
 *(.data)
 .data          0x0000000010000000        0x0 .objs/main.o
 .data          0x0000000010000000        0x0 .objs/startup.o
 .data          0x0000000010000000        0x4 .objs/system_LPC13xx.o
                0x0000000010000000                SystemCoreClock
                0x0000000010000004                _end_data = .

.igot.plt       0x0000000010000004        0x0 load address 0x0000000000000528
 .igot.plt      0x0000000010000004        0x0 .objs/startup.o

.bss            0x0000000010000004        0x0 load address 0x0000000000000528
                0x0000000010000004                _start_bss = .
 *(.bss)
 .bss           0x0000000010000004        0x0 .objs/main.o
 .bss           0x0000000010000004        0x0 .objs/startup.o
 .bss           0x0000000010000004        0x0 .objs/system_LPC13xx.o
                0x0000000010000004                _end_bss = .
                0x0000000010000004                . = ALIGN (0x4)
                0x0000000010000004                _start_stack = .
                0x0000000010000004                _end = .
                [!provide]                        PROVIDE (end, .)
OUTPUT(bin/Release/CAO_4.elf elf32-littlearm)

.comment        0x0000000000000000       0x7e
 .comment       0x0000000000000000       0x7e .objs/main.o
                                         0x7f (size before relaxing)
 .comment       0x000000000000007e       0x7f .objs/startup.o
 .comment       0x000000000000007e       0x7f .objs/system_LPC13xx.o

.ARM.attributes
                0x0000000000000000       0x33
 .ARM.attributes
                0x0000000000000000       0x33 .objs/main.o
 .ARM.attributes
                0x0000000000000033       0x33 .objs/startup.o
 .ARM.attributes
                0x0000000000000066       0x33 .objs/system_LPC13xx.o
